// Vitest Snapshot v1, https://vitest.dev/guide/snapshot.html

exports[`App > snapshot 1`] = `
<div>
  <div
    class="App"
  >
    <div>
      <a
        href="https://vitejs.dev"
        rel="noreferrer"
        target="_blank"
      >
        <img
          alt="Vite logo"
          class="logo"
          src="/@fs/assets/vite.svg"
        />
      </a>
      <a
        href="https://reactjs.org"
        rel="noreferrer"
        target="_blank"
      >
        <img
          alt="React logo"
          class="logo react"
          src="/src/assets/react.svg"
        />
      </a>
    </div>
    <h1>
      AQM4UA
    </h1>
    <div
      class="card"
    >
      <button>
        count is 
        0
      </button>
      <p>
        Edit 
        <code>
          src/App.tsx
        </code>
         and save to test HMR
      </p>
    </div>
    <p
      class="read-the-docs"
    >
      Click on the Vite and React logos to learn more
    </p>
  </div>
</div>
`;
